[
  {"type":"Error","value":"WEBVTT without two line terminators following"}
]
