[
  {"type":"Keyword","value":"WEBVTT"},
  {"type":"Text","value":" with more than two line breaks following\n\n\n\n\n\n"},
  {"type":"LiteralDate","value":"00:00.000"},
  {"type":"Text","value":" "},
  {"type":"Operator","value":"--\u003e"},
  {"type":"Text","value":" "},
  {"type":"LiteralDate","value":"00:01.000"},
  {"type":"Text","value":"\nMock cue"}
]
