[
  {"type":"LiteralStringAffix","value":"fr"},
  {"type":"LiteralStringSingle","value":"'x="},
  {"type":"LiteralStringInterpol","value":"{"},
  {"type":"LiteralNumberInteger","value":"4"},
  {"type":"Operator","value":"*"},
  {"type":"LiteralNumberInteger","value":"10"},
  {"type":"LiteralStringInterpol","value":"}"},
  {"type":"LiteralStringSingle","value":"'"},
  {"type":"Text","value":"\n"}
]
