[
  {"type":"LiteralStringAffix","value":"f"},
  {"type":"LiteralStringDouble","value":"\"a="},
  {"type":"LiteralStringInterpol","value":"{"},
  {"type":"Name","value":"d"},
  {"type":"Punctuation","value":"["},
  {"type":"Name","value":"a"},
  {"type":"Punctuation","value":"]"},
  {"type":"LiteralStringInterpol","value":"}"},
  {"type":"LiteralStringDouble","value":"\""},
  {"type":"Text","value":"\n"}
]
