[
  {"type":"Operator","value":"%"},
  {"type":"Text","value":" "},
  {"type":"Name","value":"Defining"},
  {"type":"Text","value":" "},
  {"type":"Name","value":"basic"},
  {"type":"Text","value":" "},
  {"type":"Name","value":"types"},
  {"type":"Text","value":"\n\n"},
  {"type":"Keyword","value":"struct"},
  {"type":"Text","value":" "},
  {"type":"Name","value":"Value"},
  {"type":"Text","value":"\n    "},
  {"type":"Name","value":"v"},
  {"type":"Operator","value":"::"},
  {"type":"KeywordType","value":"Int"},
  {"type":"Text","value":"\n"},
  {"type":"Keyword","value":"end"},
  {"type":"Text","value":"\n"},
  {"type":"KeywordDeclaration","value":"const"},
  {"type":"Text","value":" "},
  {"type":"Name","value":"r"},
  {"type":"Text","value":" "},
  {"type":"Operator","value":"="},
  {"type":"Text","value":" "},
  {"type":"LiteralNumberInteger","value":"33"},
  {"type":"Text","value":"\n\n"},
  {"type":"Name","value":"A"},
  {"type":"Text","value":" "},
  {"type":"Operator","value":"="},
  {"type":"Text","value":" "},
  {"type":"Name","value":"zeros"},
  {"type":"Punctuation","value":"("},
  {"type":"LiteralNumberInteger","value":"3"},
  {"type":"Punctuation","value":","},
  {"type":"LiteralNumberInteger","value":"3"},
  {"type":"Punctuation","value":")"},
  {"type":"Text","value":"\n"},
  {"type":"Name","value":"B"},
  {"type":"Text","value":" "},
  {"type":"Operator","value":"="},
  {"type":"Text","value":" "},
  {"type":"Name","value":"rand"},
  {"type":"Punctuation","value":"("},
  {"type":"LiteralNumberInteger","value":"4"},
  {"type":"Punctuation","value":","},
  {"type":"LiteralNumberInteger","value":"3"},
  {"type":"Punctuation","value":")"},
  {"type":"Text","value":"\n\n"},
  {"type":"Name","value":"type"},
  {"type":"Text","value":" "},
  {"type":"Operator","value":"="},
  {"type":"Text","value":" "},
  {"type":"Name","value":"typeof"},
  {"type":"Punctuation","value":"("},
  {"type":"Name","value":"B"},
  {"type":"Punctuation","value":")"},
  {"type":"Text","value":"\n"},
  {"type":"Name","value":"C"},
  {"type":"Text","value":" "},
  {"type":"Operator","value":"="},
  {"type":"Text","value":" "},
  {"type":"Name","value":"A"},
  {"type":"Text","value":" "},
  {"type":"Operator","value":"*"},
  {"type":"Text","value":" "},
  {"type":"Name","value":"B"},
  {"type":"Operator","value":"'"},
  {"type":"Text","value":"\n"},
  {"type":"Name","value":"res"},
  {"type":"Text","value":" "},
  {"type":"Operator","value":"="},
  {"type":"Text","value":" "},
  {"type":"Name","value":"C"},
  {"type":"Operator","value":"'"},
  {"type":"Text","value":" "},
  {"type":"Operator","value":".+"},
  {"type":"Text","value":" "},
  {"type":"Name","value":"r"},
  {"type":"Text","value":"\n\n"},
  {"type":"KeywordDeclaration","value":"const"},
  {"type":"Text","value":" "},
  {"type":"Name","value":"abstract"},
  {"type":"Text","value":" "},
  {"type":"Operator","value":"="},
  {"type":"Text","value":" "},
  {"type":"LiteralNumberInteger","value":"33"},
  {"type":"Text","value":"\n"},
  {"type":"Keyword","value":"abstract type"},
  {"type":"Text","value":" "},
  {"type":"Name","value":"K"},
  {"type":"Text","value":" "},
  {"type":"Keyword","value":"end"},
  {"type":"Text","value":"\n\n"},
  {"type":"Keyword","value":"primitive type"},
  {"type":"Text","value":" "},
  {"type":"Name","value":"MyFloat32"},
  {"type":"Text","value":" "},
  {"type":"LiteralNumberInteger","value":"32"},
  {"type":"Text","value":" "},
  {"type":"Keyword","value":"end"},
  {"type":"Text","value":"\n"}
]
