[
  {"type":"KeywordReserved","value":"fill"},
  {"type":"TextWhitespace","value":" "},
  {"type":"LiteralNumberInteger","value":"29"},
  {"type":"TextWhitespace","value":" "},
  {"type":"LiteralNumberInteger","value":"4"},
  {"type":"TextWhitespace","value":" "},
  {"type":"LiteralNumberInteger","value":"26"},
  {"type":"TextWhitespace","value":" "},
  {"type":"NameBuiltin","value":"~"},
  {"type":"TextWhitespace","value":" "},
  {"type":"NameBuiltin","value":"~"},
  {"type":"TextWhitespace","value":" "},
  {"type":"NameBuiltin","value":"~"},
  {"type":"TextWhitespace","value":" "},
  {"type":"Text","value":"minecraft:air"},
  {"type":"TextWhitespace","value":" "},
  {"type":"Text","value":"replace"},
  {"type":"TextWhitespace","value":" "},
  {"type":"Text","value":"minecraft:water"},
  {"type":"TextWhitespace","value":"\n\n"},
  {"type":"CommentSingle","value":"# NBT (JSON-like) value.\n"},
  {"type":"KeywordReserved","value":"summon"},
  {"type":"TextWhitespace","value":" "},
  {"type":"Text","value":"zombie"},
  {"type":"TextWhitespace","value":" "},
  {"type":"NameBuiltin","value":"~"},
  {"type":"TextWhitespace","value":" "},
  {"type":"NameBuiltin","value":"~"},
  {"type":"TextWhitespace","value":" "},
  {"type":"NameBuiltin","value":"~"},
  {"type":"TextWhitespace","value":" "},
  {"type":"Punctuation","value":"{"},
  {"type":"NameTag","value":"NoAI"},
  {"type":"Punctuation","value":":"},
  {"type":"LiteralNumber","value":"1b"},
  {"type":"Punctuation","value":"}"},
  {"type":"TextWhitespace","value":"\n\n"},
  {"type":"CommentSingle","value":"# Target selector\n"},
  {"type":"KeywordReserved","value":"gamemode"},
  {"type":"TextWhitespace","value":" "},
  {"type":"Text","value":"creative"},
  {"type":"TextWhitespace","value":" "},
  {"type":"KeywordConstant","value":"@a"},
  {"type":"TextWhitespace","value":"\n\n"},
  {"type":"CommentSingle","value":"# With argument\n"},
  {"type":"KeywordReserved","value":"kill"},
  {"type":"TextWhitespace","value":" "},
  {"type":"KeywordConstant","value":"@e"},
  {"type":"Punctuation","value":"["},
  {"type":"NameAttribute","value":"type"},
  {"type":"Punctuation","value":"="},
  {"type":"Text","value":"chicken"},
  {"type":"Punctuation","value":","},
  {"type":"NameAttribute","value":"nested"},
  {"type":"Punctuation","value":"={"},
  {"type":"NameAttribute","value":"a0"},
  {"type":"Punctuation","value":"="},
  {"type":"LiteralNumberInteger","value":"0"},
  {"type":"Punctuation","value":","},
  {"type":"NameAttribute","value":"a1"},
  {"type":"Punctuation","value":"="},
  {"type":"LiteralNumberInteger","value":"1"},
  {"type":"Punctuation","value":"}]"},
  {"type":"TextWhitespace","value":"\n\n"},
  {"type":"CommentSingle","value":"# Ragne\n"},
  {"type":"KeywordReserved","value":"kill"},
  {"type":"TextWhitespace","value":" "},
  {"type":"KeywordConstant","value":"@e"},
  {"type":"Punctuation","value":"["},
  {"type":"NameAttribute","value":"y_rotation"},
  {"type":"Punctuation","value":"="},
  {"type":"LiteralNumberInteger","value":"0"},
  {"type":"Punctuation","value":".."},
  {"type":"LiteralNumberInteger","value":"180"},
  {"type":"Punctuation","value":"]"},
  {"type":"TextWhitespace","value":"\n"}
]
