[
  {"type":"CommentPreproc","value":"#[derive(Debug)]"},
  {"type":"TextWhitespace","value":"\n"},
  {"type":"Keyword","value":"struct"},
  {"type":"Text","value":" "},
  {"type":"NameClass","value":"Rectangle"},
  {"type":"TextWhitespace","value":" "},
  {"type":"Punctuation","value":"{"},
  {"type":"TextWhitespace","value":"\n    "},
  {"type":"Name","value":"width"},
  {"type":"Text","value":": "},
  {"type":"KeywordType","value":"u32"},
  {"type":"Punctuation","value":","},
  {"type":"TextWhitespace","value":"\n    "},
  {"type":"Name","value":"height"},
  {"type":"Text","value":": "},
  {"type":"KeywordType","value":"u32"},
  {"type":"Punctuation","value":","},
  {"type":"TextWhitespace","value":"\n"},
  {"type":"Punctuation","value":"}"},
  {"type":"TextWhitespace","value":"\n\n"},
  {"type":"Keyword","value":"fn"},
  {"type":"Text","value":" "},
  {"type":"NameFunction","value":"main"},
  {"type":"Punctuation","value":"()"},
  {"type":"TextWhitespace","value":" "},
  {"type":"Punctuation","value":"{"},
  {"type":"TextWhitespace","value":"\n    "},
  {"type":"KeywordDeclaration","value":"let"},
  {"type":"TextWhitespace","value":" "},
  {"type":"Name","value":"rect1"},
  {"type":"TextWhitespace","value":" "},
  {"type":"Operator","value":"="},
  {"type":"TextWhitespace","value":" "},
  {"type":"Name","value":"Rectangle"},
  {"type":"TextWhitespace","value":" "},
  {"type":"Punctuation","value":"{"},
  {"type":"TextWhitespace","value":" "},
  {"type":"Name","value":"width"},
  {"type":"Text","value":": "},
  {"type":"LiteralNumberInteger","value":"30"},
  {"type":"Punctuation","value":","},
  {"type":"TextWhitespace","value":" "},
  {"type":"Name","value":"height"},
  {"type":"Text","value":": "},
  {"type":"LiteralNumberInteger","value":"50"},
  {"type":"TextWhitespace","value":" "},
  {"type":"Punctuation","value":"};"},
  {"type":"TextWhitespace","value":"\n\n    "},
  {"type":"CommentSingle","value":"// Some comment\n"},
  {"type":"TextWhitespace","value":"    "},
  {"type":"Name","value":"println"},
  {"type":"Operator","value":"!"},
  {"type":"Punctuation","value":"("},
  {"type":"LiteralString","value":"\"rect1 is {:?}\""},
  {"type":"Punctuation","value":","},
  {"type":"TextWhitespace","value":" "},
  {"type":"Name","value":"rect1"},
  {"type":"Punctuation","value":");"},
  {"type":"TextWhitespace","value":"\n\n    "},
  {"type":"KeywordDeclaration","value":"let"},
  {"type":"TextWhitespace","value":" "},
  {"type":"Name","value":"r#type"},
  {"type":"TextWhitespace","value":" "},
  {"type":"Operator","value":"="},
  {"type":"TextWhitespace","value":" "},
  {"type":"LiteralString","value":"\"valid\""},
  {"type":"Punctuation","value":";"},
  {"type":"TextWhitespace","value":"\n"},
  {"type":"Punctuation","value":"}"},
  {"type":"TextWhitespace","value":"\n"}
]
