[
  {"type":"TextWhitespace","value":"  "},
  {"type":"CommentSingle","value":"// this is a line-ending comment\n"},
  {"type":"TextWhitespace","value":" "},
  {"type":"CommentSingle","value":"//* embed a bock comment start, after a space\n// /* embed a bock comment start, v2\n"}
]
