[
  {"type":"KeywordDeclaration","value":"type"},
  {"type":"TextWhitespace","value":" "},
  {"type":"NameVariable","value":"fizz"},
  {"type":"TextWhitespace","value":" "},
  {"type":"Punctuation","value":"="},
  {"type":"TextWhitespace","value":" "},
  {"type":"NameVariable","value":"string"},
  {"type":"TextWhitespace","value":"\n\n"},
  {"type":"KeywordDeclaration","value":"type"},
  {"type":"TextWhitespace","value":" "},
  {"type":"NameVariable","value":"buzz"},
  {"type":"TextWhitespace","value":" "},
  {"type":"Punctuation","value":"="},
  {"type":"TextWhitespace","value":" "},
  {"type":"NameVariable","value":"fizz"},
  {"type":"Punctuation","value":"[]"},
  {"type":"TextWhitespace","value":"\n\n"},
  {"type":"KeywordDeclaration","value":"type"},
  {"type":"TextWhitespace","value":" "},
  {"type":"NameVariable","value":"pop"},
  {"type":"TextWhitespace","value":" "},
  {"type":"Punctuation","value":"="},
  {"type":"TextWhitespace","value":" "},
  {"type":"Punctuation","value":"{"},
  {"type":"TextWhitespace","value":"\n  "},
  {"type":"NameVariable","value":"krispies"},
  {"type":"Punctuation","value":":"},
  {"type":"TextWhitespace","value":" "},
  {"type":"LiteralString","value":"'snap'"},
  {"type":"Punctuation","value":"|"},
  {"type":"LiteralString","value":"'crackle'"},
  {"type":"Punctuation","value":"|"},
  {"type":"LiteralString","value":"'pop'"},
  {"type":"TextWhitespace","value":"\n"},
  {"type":"Punctuation","value":"}"}
]
