[
  {"type":"NameProperty","value":"publicIPAddress"},
  {"type":"Punctuation","value":":"},
  {"type":"TextWhitespace","value":" "},
  {"type":"NameFunction","value":"any"},
  {"type":"Punctuation","value":"(("},
  {"type":"Text","value":"pipId"},
  {"type":"TextWhitespace","value":" "},
  {"type":"Operator","value":"=="},
  {"type":"TextWhitespace","value":" "},
  {"type":"LiteralString","value":"''"},
  {"type":"Punctuation","value":")"},
  {"type":"TextWhitespace","value":" "},
  {"type":"Punctuation","value":"?"},
  {"type":"TextWhitespace","value":" "},
  {"type":"Text","value":"null"},
  {"type":"TextWhitespace","value":" "},
  {"type":"Punctuation","value":":"},
  {"type":"TextWhitespace","value":" "},
  {"type":"Punctuation","value":"{"},
  {"type":"TextWhitespace","value":"\n  "},
  {"type":"NameProperty","value":"id"},
  {"type":"Punctuation","value":":"},
  {"type":"TextWhitespace","value":" "},
  {"type":"Text","value":"pipId"},
  {"type":"TextWhitespace","value":"\n"},
  {"type":"Punctuation","value":"})"}
]
